<div class="person">
  <div class="name">Bob</div>
  <div class="occupation">Engineer</div>
</div>
<div class="person">
  <div class="name">Sally</div>
  <div class="occupation">CEO</div>
</div>
<div class="person">
  <div class="name">Rutherford</div>
  <div class="occupation">Hacker</div>
</div>
<div class="person">
  <div class="name">Vikki</div>
  <div class="occupation">Hybrid</div>
</div>
